PHPUnit 11.5.55 by Sebastian Bergmann and contributors.

Runtime:       PHP 8.5.3
Configuration: /Users/naveenadicharla/Documents/hms/phpunit.xml

E                                                                   1 / 1 (100%)

Time: 00:00.410, Memory: 50.50 MB

There was 1 error:

1) Tests\Feature\FeatureSmokeTest::test_discharge_service_updates_admission_and_frees_bed
Illuminate\Database\QueryException: SQLSTATE[23000]: Integrity constraint violation: 19 NOT NULL constraint failed: discharge_summaries.admission_date (Connection: sqlite, SQL: insert into "discharge_summaries" ("admission_id", "admission_number", "patient_id", "uhid", "doctor_id", "status", "is_finalized", "finalized_at", "finalized_by", "updated_at", "created_at") values (1, ADM-TEST-0001, 1, UHID-TEST-0002, 2, Finalized, 1, 2026-05-10 10:21:56, 1, 2026-05-10 10:21:56, 2026-05-10 10:21:56))

/Users/naveenadicharla/Documents/hms/vendor/laravel/framework/src/Illuminate/Database/Connection.php:825
/Users/naveenadicharla/Documents/hms/vendor/laravel/framework/src/Illuminate/Database/Connection.php:779
/Users/naveenadicharla/Documents/hms/vendor/laravel/framework/src/Illuminate/Database/Connection.php:560
/Users/naveenadicharla/Documents/hms/vendor/laravel/framework/src/Illuminate/Database/Connection.php:524
/Users/naveenadicharla/Documents/hms/vendor/laravel/framework/src/Illuminate/Database/Query/Processors/Processor.php:32
/Users/naveenadicharla/Documents/hms/vendor/laravel/framework/src/Illuminate/Database/Query/Builder.php:3766
/Users/naveenadicharla/Documents/hms/vendor/laravel/framework/src/Illuminate/Database/Eloquent/Builder.php:2120
/Users/naveenadicharla/Documents/hms/vendor/laravel/framework/src/Illuminate/Database/Eloquent/Model.php:1359
/Users/naveenadicharla/Documents/hms/vendor/laravel/framework/src/Illuminate/Database/Eloquent/Model.php:1324
/Users/naveenadicharla/Documents/hms/vendor/laravel/framework/src/Illuminate/Database/Eloquent/Model.php:1163
/Users/naveenadicharla/Documents/hms/vendor/laravel/framework/src/Illuminate/Database/Eloquent/Builder.php:1128
/Users/naveenadicharla/Documents/hms/vendor/laravel/framework/src/Illuminate/Support/helpers.php:399
/Users/naveenadicharla/Documents/hms/vendor/laravel/framework/src/Illuminate/Database/Eloquent/Builder.php:1127
/Users/naveenadicharla/Documents/hms/vendor/laravel/framework/src/Illuminate/Support/Traits/ForwardsCalls.php:23
/Users/naveenadicharla/Documents/hms/vendor/laravel/framework/src/Illuminate/Database/Eloquent/Model.php:2372
/Users/naveenadicharla/Documents/hms/vendor/laravel/framework/src/Illuminate/Database/Eloquent/Model.php:2384
/Users/naveenadicharla/Documents/hms/tests/Feature/FeatureSmokeTest.php:156

Caused by
PDOException: SQLSTATE[23000]: Integrity constraint violation: 19 NOT NULL constraint failed: discharge_summaries.admission_date

/Users/naveenadicharla/Documents/hms/vendor/laravel/framework/src/Illuminate/Database/Connection.php:571
/Users/naveenadicharla/Documents/hms/vendor/laravel/framework/src/Illuminate/Database/Connection.php:812
/Users/naveenadicharla/Documents/hms/vendor/laravel/framework/src/Illuminate/Database/Connection.php:779
/Users/naveenadicharla/Documents/hms/vendor/laravel/framework/src/Illuminate/Database/Connection.php:560
/Users/naveenadicharla/Documents/hms/vendor/laravel/framework/src/Illuminate/Database/Connection.php:524
/Users/naveenadicharla/Documents/hms/vendor/laravel/framework/src/Illuminate/Database/Query/Processors/Processor.php:32
/Users/naveenadicharla/Documents/hms/vendor/laravel/framework/src/Illuminate/Database/Query/Builder.php:3766
/Users/naveenadicharla/Documents/hms/vendor/laravel/framework/src/Illuminate/Database/Eloquent/Builder.php:2120
/Users/naveenadicharla/Documents/hms/vendor/laravel/framework/src/Illuminate/Database/Eloquent/Model.php:1359
/Users/naveenadicharla/Documents/hms/vendor/laravel/framework/src/Illuminate/Database/Eloquent/Model.php:1324
/Users/naveenadicharla/Documents/hms/vendor/laravel/framework/src/Illuminate/Database/Eloquent/Model.php:1163
/Users/naveenadicharla/Documents/hms/vendor/laravel/framework/src/Illuminate/Database/Eloquent/Builder.php:1128
/Users/naveenadicharla/Documents/hms/vendor/laravel/framework/src/Illuminate/Support/helpers.php:399
/Users/naveenadicharla/Documents/hms/vendor/laravel/framework/src/Illuminate/Database/Eloquent/Builder.php:1127
/Users/naveenadicharla/Documents/hms/vendor/laravel/framework/src/Illuminate/Support/Traits/ForwardsCalls.php:23
/Users/naveenadicharla/Documents/hms/vendor/laravel/framework/src/Illuminate/Database/Eloquent/Model.php:2372
/Users/naveenadicharla/Documents/hms/vendor/laravel/framework/src/Illuminate/Database/Eloquent/Model.php:2384
/Users/naveenadicharla/Documents/hms/tests/Feature/FeatureSmokeTest.php:156

ERRORS!
Tests: 1, Assertions: 0, Errors: 1, Deprecations: 2.
